// Jest Snapshot v1, https://goo.gl/fbAQLP

exports[`UserProfile renders correctly 1`] = `
<v-row>
  <v-col cols="4" class="d-flex justify-between align-center flex-column mx-auto mt-4">
    <v-avatar size="150px"><img alt="Profile image" src=""></v-avatar> <strong class="mt-3"></strong>
  </v-col>
</v-row>
`;
